<<<<<<< Updated upstream
2025-11-30 13:19:11 === STARTED ===
2025-11-30 13:19:11 Pulling...
2025-11-30 13:19:11 Stashing...
<<<<<<< Updated upstream
2025-11-30 18:36:57 Already up to date.
2025-11-30 18:36:57 Generated 41 photos
2025-11-30 18:36:57 On branch main
2025-11-30 18:36:57 Your branch is up to date with 'origin/main'.
2025-11-30 18:36:57 
2025-11-30 18:36:57 Changes not staged for commit:
2025-11-30 18:36:57   (use "git add <file>..." to update what will be committed)
2025-11-30 18:36:57   (use "git restore <file>..." to discard changes in working directory)
2025-11-30 18:36:57 	modified:   update-images.log
2025-11-30 18:36:57 
2025-11-30 18:36:57 Untracked files:
2025-11-30 18:36:57   (use "git add <file>..." to include in what will be committed)
2025-11-30 18:36:57 	docs/js/image-list-correct.js
2025-11-30 18:36:57 
2025-11-30 18:36:57 no changes added to commit (use "git add" and/or "git commit -a")
2025-11-30 18:36:59 DONE
=======
2025-11-30 18:36:55 === STARTED ===
2025-11-30 18:36:55 Pulling...
2025-11-30 18:36:55 Stashing...
>>>>>>> Stashed changes
2025-12-03 21:09:38 Already up to date.
2025-12-03 21:09:38 Generated 56 photos
2025-12-03 21:09:38 [main 57e0c3e] update images 56
2025-12-03 21:09:38  1 file changed, 15 insertions(+)
2025-12-03 21:09:41 DONE
2025-12-11 05:56:05 Updating c3bf6d5..aa81a92
2025-12-11 05:56:05 Fast-forward
2025-12-11 05:56:05  docs/garden-data.json | 2 +-
2025-12-11 05:56:05  1 file changed, 1 insertion(+), 1 deletion(-)
2025-12-11 05:56:05 Generated 84 photos
2025-12-11 05:56:05 DONE
2025-12-11 05:56:05 [main 75958de] update images 84
2025-12-11 05:56:05  1 file changed, 6 insertions(+)
2025-12-11 05:57:08 Already up to date.
2025-12-11 05:57:08 Generated 84 photos
2025-12-11 05:57:08 On branch main
2025-12-11 05:57:08 Your branch is up to date with 'origin/main'.
2025-12-11 05:57:08 
2025-12-11 05:57:08 Changes not staged for commit:
2025-12-11 05:57:08   (use "git add <file>..." to update what will be committed)
2025-12-11 05:57:08   (use "git restore <file>..." to discard changes in working directory)
2025-12-11 05:57:08 	modified:   update-images.log
2025-12-11 05:57:08 
2025-12-11 05:57:08 no changes added to commit (use "git add" and/or "git commit -a")
2025-12-11 05:57:09 DONE
2025-12-11 06:00:13 Already up to date.
2025-12-11 06:00:14 Generated 84 photos
2025-12-11 06:00:14 DONE
2025-12-11 06:00:14 [main cf8c26f] update images 84
2025-12-11 06:00:14  1 file changed, 3 insertions(+)
2025-12-16 07:49:09 Already up to date.
2025-12-16 07:49:10 Generated 87 photos
2025-12-16 07:49:10 [main fdd71ae] update images 87
2025-12-16 07:49:10  1 file changed, 1 insertion(+)
2025-12-16 07:49:12 DONE
2025-12-16 08:11:50 Already up to date.
2025-12-16 08:11:50 Generated 92 photos
2025-12-16 08:11:51 [main 3d01a91] update images 92
2025-12-16 08:11:51  1 file changed, 5 insertions(+)
2025-12-16 08:11:53 DONE
2025-12-16 13:10:51 Already up to date.
2025-12-16 13:10:51 Generated 92 photos
2025-12-16 13:10:51 [main 24fbeaa] update images 92
2025-12-16 13:10:51  1 file changed, 5 insertions(+), 5 deletions(-)
2025-12-16 13:10:53 DONE
2025-12-16 14:18:37 Already up to date.
2025-12-16 14:18:38 Generated 85 photos
2025-12-16 14:18:38 [main 3bbcd02] update images 85
2025-12-16 14:18:38  1 file changed, 1 insertion(+), 8 deletions(-)
2025-12-16 14:18:40 DONE
2025-12-17 08:33:45 Already up to date.
2025-12-17 08:33:45 Generated 86 photos
2025-12-17 08:33:46 [main 4f68017] update images 86
2025-12-17 08:33:46  1 file changed, 1 insertion(+)
2025-12-17 08:33:48 DONE
2025-12-17 08:39:19 Already up to date.
2025-12-17 08:39:19 Generated 85 photos
2025-12-17 08:39:20 [main 3d1c2fb] update images 85
2025-12-17 08:39:20  1 file changed, 1 deletion(-)
2025-12-17 08:39:22 DONE
2025-12-21 20:50:47 Already up to date.
2025-12-21 20:50:47 Generated 122 photos
2025-12-21 20:50:48 [main b824911] update images 122
2025-12-21 20:50:48  1 file changed, 37 insertions(+)
2025-12-21 20:50:50 DONE
2025-12-21 21:21:17 Updating 1e5090a..65f51ee
2025-12-21 21:21:17 Fast-forward
2025-12-21 21:21:17  docs/garden-data.json | 16 ++++++++++++++++
2025-12-21 21:21:17  1 file changed, 16 insertions(+)
2025-12-21 21:21:17 Generated 123 photos
2025-12-21 21:21:17 [main d22bd54] update images 123
2025-12-21 21:21:17  1 file changed, 1 insertion(+)
2025-12-21 21:21:19 DONE
2025-12-21 21:29:09 Already up to date.
2025-12-21 21:29:09 Generated 122 photos
2025-12-21 21:29:09 [main b5bd653] update images 122
2025-12-21 21:29:09  1 file changed, 1 deletion(-)
2025-12-21 21:29:11 DONE
2025-12-21 21:34:14 Already up to date.
2025-12-21 21:34:15 Generated 123 photos
2025-12-21 21:34:15 [main 14d1910] update images 123
2025-12-21 21:34:15  1 file changed, 1 insertion(+)
2025-12-21 21:34:17 DONE
2025-12-24 07:51:56 Updating 47531ee..d00c577
2025-12-24 07:51:56 Fast-forward
2025-12-24 07:51:56  docs/garden-data.json | 14 ++++++++++++++
2025-12-24 07:51:56  1 file changed, 14 insertions(+)
2025-12-24 07:51:56 Generated 134 photos
2025-12-24 07:51:56 [main f4f7664] update images 134
2025-12-24 07:51:56  1 file changed, 12 insertions(+), 1 deletion(-)
2025-12-24 07:51:58 DONE
